........................................................................ [  2%]
........................................................................ [  4%]
........................................................................ [  7%]
..............................................ss........................ [  9%]
........................................................................ [ 12%]
...................................sssss................................ [ 14%]
........................................................................ [ 17%]
........................................................................ [ 19%]
........................................................................ [ 21%]
........................................................................ [ 24%]
........................................................................ [ 26%]
........................................................................ [ 29%]
........................................................................ [ 31%]
........................................................................ [ 34%]
........................................................................ [ 36%]
........................................................................ [ 39%]
........................................................................ [ 41%]
........................................................................ [ 43%]
........................................................................ [ 46%]
........................................................................ [ 48%]
........................................................................ [ 51%]
........................................................................ [ 53%]
........................................................................ [ 56%]
........................................................................ [ 58%]
........................................................................ [ 60%]
........................................................................ [ 63%]
...............................................................s........ [ 65%]
........................................................................ [ 68%]
........................................................................ [ 70%]
........................................................................ [ 73%]
........................................................................ [ 75%]
........................................................................ [ 78%]
........................................................................ [ 80%]
........................................................................ [ 82%]
........................................................................ [ 85%]
........................................................................ [ 87%]
........................................................................ [ 90%]
........................................................................ [ 92%]
........................................................................ [ 95%]
........................................................................ [ 97%]
........................................................................ [ 99%]
.                                                                        [100%]
=============================== warnings summary ===============================
tests/test_doctor_tool_audit.py::TestAuditTools::test_skip_cargo_root
  /usr/lib64/python3.14/unittest/mock.py:2259: RuntimeWarning: coroutine '_check_handshake.<locals>._async' was never awaited
    def __init__(self, name, parent):
  Enable tracemalloc to get traceback where the object was allocated.
  See https://docs.pytest.org/en/stable/how-to/capture-warnings.html#resource-warnings for more info.

tests/test_factories.py::TestParallelL1::test_cli_backend_stays_serial
tests/test_falsify_real.py::TestRealFalsifier::test_uncertain_on_invoke_error
  /usr/lib64/python3.14/unittest/mock.py:2259: RuntimeWarning: coroutine 'build_sampling_l1_provider.<locals>._provider.<locals>._gather' was never awaited
    def __init__(self, name, parent):
  Enable tracemalloc to get traceback where the object was allocated.
  See https://docs.pytest.org/en/stable/how-to/capture-warnings.html#resource-warnings for more info.

tests/test_gate_check.py::TestGateCheckIntegration::test_skip_tests_ignored_in_ci_mode
  /home/houminxi/.local/lib/python3.14/site-packages/yaml/nodes.py:36: RuntimeWarning: coroutine 'build_sampling_l1_provider.<locals>._provider.<locals>._gather' was never awaited
    def __init__(self, tag, value,
  Enable tracemalloc to get traceback where the object was allocated.
  See https://docs.pytest.org/en/stable/how-to/capture-warnings.html#resource-warnings for more info.

-- Docs: https://docs.pytest.org/en/stable/how-to/capture-warnings.html
2945 passed, 8 skipped, 4 warnings in 483.99s (0:08:03)
