WORKTREE=/home/houminxi/code/forge/.worktrees/p42-rework-verify  HEAD=0dda79b13175230a3bf655e634e1c09f378a3e94
CMD=PYTHONPATH=src python -m pytest tests/ -q --timeout=300
........................................................................ [  2%]
........................................................................ [  4%]
........................................................................ [  7%]
..............................................ss........................ [  9%]
........................................................................ [ 12%]
...................................sssss................................ [ 14%]
........................................................................ [ 17%]
........................................................................ [ 19%]
........................................................................ [ 22%]
........................................................................ [ 24%]
........................................................................ [ 26%]
...........................s............................................ [ 29%]
........................................................................ [ 31%]
........................................................................ [ 34%]
........................................................................ [ 36%]
........................................................................ [ 39%]
........................................................................ [ 41%]
........................................................................ [ 44%]
........................................................................ [ 46%]
........................................................................ [ 48%]
........................................................................ [ 51%]
........................................................................ [ 53%]
........................................................................ [ 56%]
........................................................................ [ 58%]
........................................................................ [ 61%]
........................................................................ [ 63%]
......................................................s................. [ 66%]
........................................................................ [ 68%]
........................................................................ [ 70%]
........................................................................ [ 73%]
........................................................................ [ 75%]
........................................................................ [ 78%]
........................................................................ [ 80%]
........................................................................ [ 83%]
........................................................................ [ 85%]
........................................................................ [ 88%]
........................................................................ [ 90%]
........................................................................ [ 92%]
........................................................................ [ 95%]
........................................................................ [ 97%]
................................................................         [100%]
=============================== warnings summary ===============================
tests/test_doctor.py::test_no_key_leakage
  /usr/lib64/python3.14/unittest/mock.py:2259: RuntimeWarning: coroutine '_check_handshake.<locals>._async' was never awaited
    def __init__(self, name, parent):
  Enable tracemalloc to get traceback where the object was allocated.
  See https://docs.pytest.org/en/stable/how-to/capture-warnings.html#resource-warnings for more info.

tests/test_factories.py::TestBuildSamplingL1Provider::test_build_sampling_l1_provider_timeout_cancels_future
tests/test_falsify_real.py::TestRealFalsifier::test_uncertain_on_invoke_error
  /usr/lib64/python3.14/unittest/mock.py:2259: RuntimeWarning: coroutine 'build_sampling_l1_provider.<locals>._provider.<locals>._gather' was never awaited
    def __init__(self, name, parent):
  Enable tracemalloc to get traceback where the object was allocated.
  See https://docs.pytest.org/en/stable/how-to/capture-warnings.html#resource-warnings for more info.

tests/test_factories.py::TestParallelL1::test_no_lost_work
  /usr/lib64/python3.14/concurrent/futures/thread.py:187: RuntimeWarning: coroutine 'build_sampling_l1_provider.<locals>._provider.<locals>._gather' was never awaited
    ) = type(self).prepare_context(initializer, initargs, **ctxkwargs)
  Enable tracemalloc to get traceback where the object was allocated.
  See https://docs.pytest.org/en/stable/how-to/capture-warnings.html#resource-warnings for more info.

-- Docs: https://docs.pytest.org/en/stable/how-to/capture-warnings.html
2935 passed, 9 skipped, 4 warnings in 492.50s (0:08:12)
EXIT=0
