........................................................................ [  2%]
........................................................................ [  4%]
........................................................................ [  7%]
..............................................ss........................ [  9%]
........................................................................ [ 12%]
...................................sssss................................ [ 14%]
........................................................................ [ 17%]
........................................................................ [ 19%]
........................................................................ [ 21%]
........................................................................ [ 24%]
........................................................................ [ 26%]
........................................................................ [ 29%]
........................................................................ [ 31%]
........................................................................ [ 34%]
........................................................................ [ 36%]
........................................................................ [ 38%]
........................................................................ [ 41%]
........................................................................ [ 43%]
........................................................................ [ 46%]
........................................................................ [ 48%]
........................................................................ [ 51%]
........................................................................ [ 53%]
........................................................................ [ 55%]
........................................................................ [ 58%]
........................................................................ [ 60%]
........................................................................ [ 63%]
...............................................................s........ [ 65%]
........................................................................ [ 68%]
........................................................................ [ 70%]
........................................................................ [ 72%]
........................................................................ [ 75%]
........................................................................ [ 77%]
........................................................................ [ 80%]
........................................................................ [ 82%]
........................................................................ [ 85%]
........................................................................ [ 87%]
........................................................................ [ 89%]
........................................................................ [ 92%]
........................................................................ [ 94%]
........................................................................ [ 97%]
........................................................................ [ 99%]
.........                                                                [100%]
=============================== warnings summary ===============================
tests/test_doctor.py::test_no_key_leakage
  /usr/lib64/python3.14/unittest/mock.py:2259: RuntimeWarning: coroutine '_check_handshake.<locals>._async' was never awaited
    def __init__(self, name, parent):
  Enable tracemalloc to get traceback where the object was allocated.
  See https://docs.pytest.org/en/stable/how-to/capture-warnings.html#resource-warnings for more info.

tests/test_factories.py::TestBuildSamplingL1Provider::test_build_sampling_l1_provider_truncation_raises
  /home/houminxi/code/forge/.worktrees/fix-receipt-crash/tests/test_factories.py:773: RuntimeWarning: coroutine 'build_sampling_l1_provider.<locals>._provider.<locals>._gather' was never awaited
    future = concurrent.futures.Future()
  Enable tracemalloc to get traceback where the object was allocated.
  See https://docs.pytest.org/en/stable/how-to/capture-warnings.html#resource-warnings for more info.

tests/test_factories.py::TestParallelL1::test_failure_isolation_api
tests/test_factories.py::TestDurationWallClock::test_parallel_duration_is_wall_clock
  /usr/lib64/python3.14/unittest/mock.py:2259: RuntimeWarning: coroutine 'build_sampling_l1_provider.<locals>._provider.<locals>._gather' was never awaited
    def __init__(self, name, parent):
  Enable tracemalloc to get traceback where the object was allocated.
  See https://docs.pytest.org/en/stable/how-to/capture-warnings.html#resource-warnings for more info.

tests/test_fast_fail.py::TestApiKeyFileGuard::test_missing_file_raises
  /home/houminxi/.local/lib/python3.14/site-packages/_pytest/fixtures.py:861: RuntimeWarning: coroutine 'build_sampling_l1_provider.<locals>._provider.<locals>._gather' was never awaited
    @property
  Enable tracemalloc to get traceback where the object was allocated.
  See https://docs.pytest.org/en/stable/how-to/capture-warnings.html#resource-warnings for more info.

-- Docs: https://docs.pytest.org/en/stable/how-to/capture-warnings.html
2953 passed, 8 skipped, 5 warnings in 1035.48s (0:17:15)
